[www.madebydesignesia.com/themes/profession/index-2-particle.html]
[backblue.gif]
[fade.gif]
[index.html]
[www.madebydesignesia.com/themes/profession/css/bootstrap.css]
[www.madebydesignesia.com/themes/profession/css/animate.css]
[www.madebydesignesia.com/themes/profession/css/owl.carousel.css]
[www.madebydesignesia.com/themes/profession/css/magnific-popup.css]
[www.madebydesignesia.com/themes/profession/css/style.css]
[www.madebydesignesia.com/themes/profession/css/bg.css]
[www.madebydesignesia.com/themes/profession/css/colors/scheme-5.css]
[www.madebydesignesia.com/themes/profession/images/logo-light.png]
[www.madebydesignesia.com/themes/profession/images/logo-dark.png]
[www.madebydesignesia.com/themes/profession/images/misc/pic-profile-1.jpg]
[www.madebydesignesia.com/themes/profession/images/portfolio/pf (1).jpg]
[www.madebydesignesia.com/themes/profession/images/portfolio/pf (2).jpg]
[www.madebydesignesia.com/themes/profession/images/portfolio/pf (3).jpg]
[www.madebydesignesia.com/themes/profession/images/portfolio/pf (4).jpg]
[www.madebydesignesia.com/themes/profession/images/portfolio/pf (5).jpg]
[www.madebydesignesia.com/themes/profession/images/portfolio/pf (6).jpg]
[www.madebydesignesia.com/themes/profession/images/people/1.jpg]
[www.madebydesignesia.com/themes/profession/images/people/2.jpg]
[www.madebydesignesia.com/themes/profession/images/people/3.jpg]
[www.madebydesignesia.com/themes/profession/images/people/4.jpg]
[www.madebydesignesia.com/themes/profession/js/jquery.min.js]
[www.madebydesignesia.com/themes/profession/js/bootstrap.min.js]
[www.madebydesignesia.com/themes/profession/js/jquery.isotope.min.js]
[www.madebydesignesia.com/themes/profession/js/easing.js]
[www.madebydesignesia.com/themes/profession/js/owl.carousel.js]
[www.madebydesignesia.com/themes/profession/js/jquery.countTo.js]
[www.madebydesignesia.com/themes/profession/js/validation.js]
[www.madebydesignesia.com/themes/profession/js/wow.min.js]
[www.madebydesignesia.com/themes/profession/js/jquery.magnific-popup.min.js]
[www.madebydesignesia.com/themes/profession/js/enquire.min.js]
[www.madebydesignesia.com/themes/profession/js/jquery.stellar.min.js]
[www.madebydesignesia.com/themes/profession/js/jquery.plugin.js]
[www.madebydesignesia.com/themes/profession/js/typed.js]
[www.madebydesignesia.com/themes/profession/js/typed-custom.js]
[www.madebydesignesia.com/themes/profession/js/particles.js]
[www.madebydesignesia.com/themes/profession/js/app.js]
[www.madebydesignesia.com/themes/profession/js/designesia.js]
[www.madebydesignesia.com/themes/profession/index-2-particle.html]
[www.madebydesignesia.com/themes/profession/css/bootstrap.css]
[www.madebydesignesia.com/themes/profession/css/animate.css]
[www.madebydesignesia.com/themes/profession/css/owl.carousel.css]
[www.madebydesignesia.com/themes/profession/css/magnific-popup.css]
[www.madebydesignesia.com/themes/profession/fonts/font-awesome/css/font-awesome.css]
[www.madebydesignesia.com/themes/profession/fonts/elegant_font/HTML_CSS/style.css]
[www.madebydesignesia.com/themes/profession/fonts/et-line-font/style.css]
[www.madebydesignesia.com/themes/profession/css/style.css]
[www.madebydesignesia.com/themes/profession/images/background/1.jpg]
[www.madebydesignesia.com/themes/profession/images/background/5.jpg]
[www.madebydesignesia.com/themes/profession/images/background/6.jpg]
[www.madebydesignesia.com/themes/profession/images/background/7.jpg]
[www.madebydesignesia.com/themes/profession/images/background/8.jpg]
[www.madebydesignesia.com/themes/profession/images/background/10.jpg]
[www.madebydesignesia.com/themes/profession/images/background/12.jpg]
[www.madebydesignesia.com/themes/profession/images/background/2.jpg]
[www.madebydesignesia.com/themes/profession/images/background/3.jpg]
[www.madebydesignesia.com/themes/profession/images/background/4.jpg]
[www.madebydesignesia.com/themes/profession/images/background/5a.jpg]
[www.madebydesignesia.com/themes/profession/images/background/5b.jpg]
[www.madebydesignesia.com/themes/profession/images/background/6a.jpg]
[www.madebydesignesia.com/themes/profession/images/background/6b.jpg]
[www.madebydesignesia.com/themes/profession/images/background/6c.jpg]
[www.madebydesignesia.com/themes/profession/images/background/13.jpg]
[www.madebydesignesia.com/themes/profession/images/background/7a.jpg]
[www.madebydesignesia.com/themes/profession/images/background/7b.jpg]
[www.madebydesignesia.com/themes/profession/images/background/11.jpg]
[www.madebydesignesia.com/themes/profession/images/background/s1.jpg]
[www.madebydesignesia.com/themes/profession/images/background/s2.jpg]
[www.madebydesignesia.com/themes/profession/css/bg.css]
[www.madebydesignesia.com/themes/profession/css/colors/scheme-5.css]
[www.madebydesignesia.com/themes/profession/fonts/glyphicons-halflings-regular.html]
[www.madebydesignesia.com/themes/profession/fonts/glyphicons-halflings-regulard41d.html]
[www.madebydesignesia.com/themes/profession/fonts/glyphicons-halflings-regular-2.html]
[www.madebydesignesia.com/themes/profession/fonts/glyphicons-halflings-regular-3.html]
[www.madebydesignesia.com/themes/profession/fonts/glyphicons-halflings-regular-4.html]
[www.madebydesignesia.com/themes/profession/css/grabbing.html]
[www.madebydesignesia.com/themes/profession/css/AjaxLoader.html]
[www.madebydesignesia.com/themes/profession/fonts/font-awesome/fonts/fontawesome-webfont5b62.eot]
[www.madebydesignesia.com/themes/profession/fonts/font-awesome/fonts/fontawesome-webfontd41d.eot]
[www.madebydesignesia.com/themes/profession/fonts/font-awesome/fonts/fontawesome-webfont5b62.woff2]
[www.madebydesignesia.com/themes/profession/fonts/font-awesome/fonts/fontawesome-webfont5b62.woff]
[www.madebydesignesia.com/themes/profession/fonts/font-awesome/fonts/fontawesome-webfont5b62.ttf]
[www.madebydesignesia.com/themes/profession/fonts/font-awesome/css/font-awesome.css]
[www.madebydesignesia.com/themes/profession/fonts/font-awesome/fonts/fontawesome-webfont5b62.svg]
[www.madebydesignesia.com/themes/profession/fonts/elegant_font/HTML_CSS/fonts/ElegantIcons.eot]
[www.madebydesignesia.com/themes/profession/fonts/elegant_font/HTML_CSS/fonts/ElegantIconsd41d.eot]
[www.madebydesignesia.com/themes/profession/fonts/elegant_font/HTML_CSS/fonts/ElegantIcons.woff]
[www.madebydesignesia.com/themes/profession/fonts/elegant_font/HTML_CSS/fonts/ElegantIcons.ttf]
[www.madebydesignesia.com/themes/profession/fonts/elegant_font/HTML_CSS/style.css]
[www.madebydesignesia.com/themes/profession/fonts/elegant_font/HTML_CSS/fonts/ElegantIcons.svg]
[www.madebydesignesia.com/themes/profession/fonts/et-line-font/fonts/et-line.eot]
[www.madebydesignesia.com/themes/profession/fonts/et-line-font/fonts/et-lined41d.eot]
[www.madebydesignesia.com/themes/profession/fonts/et-line-font/fonts/et-line.woff]
[www.madebydesignesia.com/themes/profession/fonts/et-line-font/fonts/et-line.ttf]
[www.madebydesignesia.com/themes/profession/fonts/et-line-font/style.css]
[www.madebydesignesia.com/themes/profession/images_02/ui/arrow-down-form.html]
[www.madebydesignesia.com/themes/profession/images_02/ui/arrow-down-form-hover.html]
[www.madebydesignesia.com/themes/profession/images_02/dotted.html]
[www.madebydesignesia.com/themes/profession/images_02/icon-slide-plus.html]
[www.madebydesignesia.com/themes/profession/images_02/icon-slide-min.html]
[www.madebydesignesia.com/themes/profession/images_02/close.html]
[www.madebydesignesia.com/themes/profession/images_02/close-2.html]
[www.madebydesignesia.com/themes/profession/images_02/icon-url.html]
[www.madebydesignesia.com/themes/profession/images_02/icon-zoom.html]
[www.madebydesignesia.com/themes/profession/images_02/list-arrow.html]
[www.madebydesignesia.com/themes/profession/images/background/bg-header.html]
[www.madebydesignesia.com/themes/profession/images_02/page-loader.html]
[www.madebydesignesia.com/themes/profession/images_02/ui/arrow-down.html]
[www.madebydesignesia.com/themes/profession/images_02/ui/arrow-up.html]
[www.madebydesignesia.com/themes/profession/images_02/ui/arrow-down-dark.html]
[www.madebydesignesia.com/themes/profession/images_02/ui/arrow-up-dark.html]
[www.madebydesignesia.com/themes/profession/fonts/et-line-font/fonts/et-line.svg]
[www.madebydesignesia.com/themes/profession/fonts/font-awesome/fonts/fontawesome-webfont5b62.svg]
[www.madebydesignesia.com/themes/profession/fonts/elegant_font/HTML_CSS/fonts/ElegantIcons.svg]
[www.madebydesignesia.com/themes/profession/fonts/et-line-font/fonts/et-line.svg]
